// Vitest Snapshot v1, https://vitest.dev/guide/snapshot.html

exports[`<ErrorPage> > renders and matches snapshot 1`] = `
<div>
  <div
    class="_errorPage_8c5621"
  >
    <div
      class="_box_8c5621"
    >
      <img
        alt=""
        class="_image_8c5621"
        src="/images/logo.png"
      />
      <h1
        class="_title_8c5621"
      >
        This is the title
      </h1>
      <div
        class="_main_8c5621"
      >
        <p
          class="_message_8c5621"
        >
          generic_error_description
        </p>
        This is the content
      </div>
    </div>
  </div>
</div>
`;
