// Vitest Snapshot v1, https://vitest.dev/guide/snapshot.html

exports[`<VideoMetaData> > renders and matches snapshot 1`] = `
<div>
  <span>
    2023
  </span>
  <span
    aria-hidden="true"
    class="_separator_1267df"
  >
    |
  </span>
  <span>
    10m
  </span>
  <span
    aria-hidden="true"
    class="_separator_1267df"
  >
    |
  </span>
  <span>
    Comedy
  </span>
</div>
`;
