// Vitest Snapshot v1, https://vitest.dev/guide/snapshot.html

exports[`<TruncatedText> > renders and matches snapshot 1`] = `
<div>
  <div
    class="_truncatedText_b1c064"
    style="max-height: calc(1.5em * 8); -webkit-line-clamp: 8;"
  >
    Test...
  </div>
</div>
`;
