// Vitest Snapshot v1, https://vitest.dev/guide/snapshot.html

exports[`<Account> > renders and matches snapshot 1`] = `
<div>
  <h1
    class="hideUntilFocus"
  >
    nav.account
  </h1>
  <section
    aria-labelledby="account_about_you_1235"
    class="panel-class"
  >
    <div
      class="header-class"
    >
      <h2
        id="account_about_you_1235"
      >
        account.about_you
      </h2>
    </div>
    <form
      class="_flexBox_1c1c63"
      novalidate=""
    >
      <h1
        class="_hideUntilFocus_c968f7"
      >
        nav.account
      </h1>
      <div
        class="_textField_e16c1b"
      >
        <label
          class="_label_e16c1b"
          for="text-field_1235_firstname"
        >
          account.firstname
        </label>
        <input
          aria-describedby="helper_text_1235_firstname"
          aria-invalid="false"
          aria-required="false"
          class="_input_e16c1b"
          id="text-field_1235_firstname"
          lang="en"
          name="firstName"
          readonly=""
          type="text"
          value="John"
        />
      </div>
      <div
        class="_textField_e16c1b"
      >
        <label
          class="_label_e16c1b"
          for="text-field_1235_lastname"
        >
          account.lastname
        </label>
        <input
          aria-describedby="helper_text_1235_lastname"
          aria-invalid="false"
          aria-required="false"
          class="_input_e16c1b"
          id="text-field_1235_lastname"
          lang="en"
          name="lastName"
          readonly=""
          type="text"
          value="Doe"
        />
      </div>
    </form>
    <div
      class="_controls_1c1c63"
    >
      <button
        class="_button_f8f296 _default_f8f296 _outlined_f8f296"
        type="button"
      >
        <span>
          account.edit_information
        </span>
      </button>
    </div>
  </section>
  <section
    aria-labelledby="account_email_1235"
    class="panel-class"
  >
    <div
      class="header-class"
    >
      <h2
        id="account_email_1235"
      >
        account.email
      </h2>
    </div>
    <form
      class="_flexBox_1c1c63"
      novalidate=""
    >
      <div
        class="_textField_e16c1b"
      >
        <label
          class="_label_e16c1b"
          for="text-field_1235_email"
        >
          account.email
        </label>
        <input
          aria-describedby="helper_text_1235_email"
          aria-invalid="false"
          aria-required="true"
          class="_input_e16c1b"
          id="text-field_1235_email"
          name="email"
          readonly=""
          required=""
          type="text"
          value="email@domain.com"
        />
      </div>
    </form>
    <div
      class="_controls_1c1c63"
    >
      <button
        class="_button_f8f296 _default_f8f296 _outlined_f8f296"
        type="button"
      >
        <span>
          account.edit_account
        </span>
      </button>
    </div>
  </section>
  <section
    aria-labelledby="account_security_1235"
    class="panel-class"
  >
    <div
      class="header-class"
    >
      <h2
        id="account_security_1235"
      >
        account.security
      </h2>
    </div>
    <form
      class="_flexBox_1c1c63"
      novalidate=""
    />
    <div
      class="_controls_1c1c63"
    >
      <button
        class="_button_f8f296 _default_f8f296 _outlined_f8f296"
        type="button"
      >
        <span>
          account.edit_password
        </span>
      </button>
    </div>
  </section>
  <section
    aria-labelledby="account_terms_and_tracking_1235"
    class="panel-class"
  >
    <div
      class="header-class"
    >
      <h2
        id="account_terms_and_tracking_1235"
      >
        account.terms_and_tracking
      </h2>
    </div>
    <form
      class="_flexBox_1c1c63"
      novalidate=""
    >
      <div
        class="_checkbox_531f07"
      >
        <div
          class="_row_531f07"
        >
          <input
            aria-describedby="helper_text_1235_consentsvalues_marketing"
            id="check-box_1235_consentsvalues_marketing"
            name="consentsValues.marketing"
            type="checkbox"
            value=""
          />
          <label
            for="check-box_1235_consentsvalues_marketing"
            lang="en"
          >
            Receive Marketing Emails
          </label>
        </div>
      </div>
    </form>
    <div
      class="_controls_1c1c63"
    />
  </section>
</div>
`;
