// Vitest Snapshot v1, https://vitest.dev/guide/snapshot.html

exports[`<Checkbox> > renders and matches snapshot 1`] = `
<div>
  <div
    class="_formField_86f2f5 _checkbox_531f07"
  >
    <label
      class="_label_86f2f5"
      for="text-field_1235_name"
    />
    <div
      class="_row_531f07"
    >
      <input
        aria-describedby="helper_text_1235_name"
        id="text-field_1235_name"
        name="name"
        type="checkbox"
        value="value"
      />
      <label
        for="text-field_1235_name"
      >
        label
      </label>
    </div>
  </div>
</div>
`;
