// Vitest Snapshot v1, https://vitest.dev/guide/snapshot.html

exports[`<Radio> > renders and matches snapshot 1`] = `
<div>
  <div
    class="_formField_86f2f5"
  >
    <label
      class="_label_86f2f5"
      for="text-field_1235_radio"
    >
      <span>
        optional
      </span>
    </label>
    <div
      class="_radio_d50e6e"
    >
      <input
        aria-describedby="helper_text_1235_radio"
        checked=""
        header="Choose a Value"
        id="text-field_1235_radio0"
        name="radio"
        type="radio"
        value="value1"
      />
      <label
        for="text-field_1235_radio0"
      >
        Label 1 
      </label>
    </div>
    <div
      class="_radio_d50e6e"
    >
      <input
        aria-describedby="helper_text_1235_radio"
        header="Choose a Value"
        id="text-field_1235_radio1"
        name="radio"
        type="radio"
        value="value2"
      />
      <label
        for="text-field_1235_radio1"
      >
        Label 2 
      </label>
    </div>
    <div
      class="_radio_d50e6e"
    >
      <input
        aria-describedby="helper_text_1235_radio"
        header="Choose a Value"
        id="text-field_1235_radio2"
        name="radio"
        type="radio"
        value="value3"
      />
      <label
        for="text-field_1235_radio2"
      >
        Label 3 
      </label>
    </div>
    <div
      aria-live="polite"
      class="_helperText_da58e0"
      id="helper_text_1235_radio_1235"
    >
      This is required!
    </div>
  </div>
</div>
`;
