// Vitest Snapshot v1, https://vitest.dev/guide/snapshot.html

exports[`<CreditCardNumberField> > renders and matches snapshot 1`] = `
<div>
  <div
    class="_formField_86f2f5 _textField_c799b0 directPostCreditCardNumber"
  >
    <label
      class="_label_86f2f5"
      for="text-field_1235_cardnumber"
    >
      Card number
      <span
        aria-hidden="true"
      >
        *
      </span>
    </label>
    <div
      class="_container_859b20"
    >
      <input
        aria-describedby="helper_text_1235_cardnumber"
        aria-invalid="false"
        aria-required="true"
        class="_input_859b20"
        id="text-field_1235_cardnumber"
        name="cardNumber"
        pattern="\\\\d*"
        placeholder="1234 5678 9012 3456"
        required=""
        type="text"
        value=""
      />
    </div>
  </div>
</div>
`;
