// Vitest Snapshot v1, https://vitest.dev/guide/snapshot.html

exports[`<CheckoutForm> > renders and matches snapshot 1`] = `
<div>
  <div>
    <h1
      class="_title_abc9bc"
    >
      checkout.payment_method
    </h1>
    <div
      class="_order_abc9bc"
    >
      <div
        class="_orderInfo_abc9bc"
      >
        <p
          class="_orderTitle_abc9bc _orderTitleMargin_abc9bc"
        >
          checkout.monthly
        </p>
      </div>
      <div
        class="_orderPrice_abc9bc"
      >
        <span>
          € 6,99
        </span>
        <small>
          /
          periods.month
        </small>
      </div>
    </div>
    <div
      class="_couponForm_abc9bc"
    >
      <button
        class="_button_f8f296 _default_f8f296 _outlined_f8f296"
        type="button"
      >
        <span>
          checkout.redeem_coupon
        </span>
      </button>
    </div>
    <div>
      <table
        class="_orderTotals_abc9bc"
      >
        <tbody />
        <tfoot>
          <tr>
            <td>
              checkout.total_price
            </td>
            <td>
              € 6,99
            </td>
          </tr>
          <tr>
            <td>
              checkout.applicable_tax
            </td>
            <td>
              € 1,21
            </td>
          </tr>
        </tfoot>
      </table>
    </div>
    <hr
      class="_divider_abc9bc"
    />
    <div
      class="_paymentMethods_abc9bc"
    />
    <div>
      <div
        class="_paymentForm_65d7c4"
      >
        <form
          data-testid="payment_form"
          novalidate=""
        >
          <div>
            <div
              class="_formField_86f2f5 _textField_c799b0"
            >
              <label
                class="_label_86f2f5"
                for="text-field_1235_cardholdername"
              >
                checkout.card_holder_name
                <span
                  aria-hidden="true"
                >
                  *
                </span>
              </label>
              <div
                class="_container_859b20"
              >
                <input
                  aria-describedby="helper_text_1235_cardholdername"
                  aria-invalid="false"
                  aria-required="true"
                  class="_input_859b20"
                  id="text-field_1235_cardholdername"
                  name="cardholderName"
                  placeholder="checkout.credit_card_name"
                  required=""
                  type="text"
                  value=""
                />
              </div>
            </div>
          </div>
          <div>
            <div
              class="_formField_86f2f5 _textField_c799b0 directPostCreditCardNumber"
            >
              <label
                class="_label_86f2f5"
                for="text-field_1235_cardnumber"
              >
                Card number
                <span
                  aria-hidden="true"
                >
                  *
                </span>
              </label>
              <div
                class="_container_859b20"
              >
                <input
                  aria-describedby="helper_text_1235_cardnumber"
                  aria-invalid="false"
                  aria-required="true"
                  class="_input_859b20"
                  id="text-field_1235_cardnumber"
                  name="cardNumber"
                  pattern="\\\\d*"
                  placeholder="1234 5678 9012 3456"
                  required=""
                  type="text"
                  value=""
                />
              </div>
            </div>
          </div>
          <div
            class="_columns_65d7c4"
          >
            <div>
              <div
                class="_formField_86f2f5 _textField_c799b0 directPostExpiryDate"
              >
                <label
                  class="_label_86f2f5"
                  for="text-field_1235_cardexpiry"
                >
                  Expiry date
                  <span
                    aria-hidden="true"
                  >
                    *
                  </span>
                </label>
                <div
                  class="_container_859b20"
                >
                  <input
                    aria-describedby="helper_text_1235_cardexpiry"
                    aria-invalid="false"
                    aria-required="true"
                    class="_input_859b20"
                    id="text-field_1235_cardexpiry"
                    name="cardExpiry"
                    pattern="\\\\d*"
                    placeholder="MM/YY"
                    required=""
                    type="text"
                    value=""
                  />
                </div>
              </div>
            </div>
            <div>
              <div
                class="_formField_86f2f5 _textField_c799b0 directPostSecurityCode"
              >
                <label
                  class="_label_86f2f5"
                  for="text-field_1235_cardcvc"
                >
                  payment.security_code
                  <span
                    aria-hidden="true"
                  >
                    *
                  </span>
                </label>
                <div
                  class="_container_859b20"
                >
                  <input
                    aria-describedby="helper_text_1235_cardcvc"
                    aria-invalid="false"
                    aria-label="payment.security_code"
                    aria-required="true"
                    class="_input_859b20"
                    id="text-field_1235_cardcvc"
                    name="cardCVC"
                    pattern="\\\\d*"
                    placeholder="###"
                    required=""
                    type="text"
                    value=""
                  />
                </div>
              </div>
            </div>
          </div>
          <div>
            <button
              class="_button_f8f296 _primary_f8f296 _fullWidth_f8f296 _large_f8f296"
              type="submit"
            >
              <span>
                checkout.continue
              </span>
            </button>
          </div>
        </form>
      </div>
    </div>
    <div
      aria-label="common:back"
      class="_iconButton_0fef65 _dialogBackButton_248199"
      role="button"
      tabindex="0"
    >
      <svg
        aria-hidden="true"
        class="_icon_585b29"
        viewBox="0 0 24 24"
        xmlns="http://www.w3.org/2000/svg"
      >
        <path
          d="M20,11V13H8L13.5,18.5L12.08,19.92L4.16,12L12.08,4.08L13.5,5.5L8,11H20Z"
        />
      </svg>
    </div>
  </div>
</div>
`;
