// Vitest Snapshot v1, https://vitest.dev/guide/snapshot.html

exports[`<Payment> > renders and matches snapshot 1`] = `
<div>
  <h1
    class="hideUntilFocus"
  >
    nav.payments
  </h1>
  <section
    aria-labelledby="payment-method_1235"
  >
    <div>
      <h2
        id="payment-method_1235"
      >
        user:payment.payment_method
      </h2>
    </div>
    <div>
      <div
        class="_textField_e16c1b"
      >
        <label
          class="_label_e16c1b"
          for="text-field_1235"
        >
          user:payment.card_number
        </label>
        <input
          aria-label="user:payment.card_number_hidden"
          class="_input_e16c1b"
          id="text-field_1235"
          readonly=""
          type="text"
          value="•••• •••• •••• 0002"
        />
      </div>
      <div
        class="_cardDetails_c57ff5"
      >
        <div
          class="_textField_e16c1b"
        >
          <label
            class="_label_e16c1b"
            for="text-field_1235"
          >
            user:payment.expiry_date
          </label>
          <input
            class="_input_e16c1b"
            id="text-field_1235"
            readonly=""
            type="text"
            value="03/2030"
          />
        </div>
        <div
          class="_textField_e16c1b"
        >
          <label
            class="_label_e16c1b"
            for="text-field_1235"
          >
            user:payment.security_code
          </label>
          <input
            aria-label="user:payment.security_code_hidden"
            class="_input_e16c1b"
            id="text-field_1235"
            readonly=""
            type="text"
            value="******"
          />
        </div>
      </div>
      <button
        class="_button_f8f296 _default_f8f296 _outlined_f8f296"
      >
        <span>
          account:payment.edit_card
        </span>
      </button>
    </div>
  </section>
  <section
    aria-labelledby="billing-history_1235"
  >
    <div>
      <h2
        id="billing-history_1235"
      >
        user:payment.billing_history
      </h2>
    </div>
    <div
      class="_infoBox_c57ff5"
    >
      <p
        class="_transactionItem_c57ff5"
      >
        <strong>
          May 5, 2021
        </strong>
        <span>
          Monthly subscription (recurring)
        </span>
        <span>
          T712014024
        </span>
      </p>
      <div
        class="_transactionDetails_c57ff5"
      >
        <div
          class="_transationPrice_c57ff5"
        >
          user:payment.price_paid_with
        </div>
      </div>
    </div>
    <div
      class="_infoBox_c57ff5"
    >
      <p
        class="_transactionItem_c57ff5"
      >
        <strong>
          May 5, 2021
        </strong>
        <span>
          Monthly subscription (recurring)
        </span>
        <span>
          T177974068
        </span>
      </p>
      <div
        class="_transactionDetails_c57ff5"
      >
        <div
          class="_transationPrice_c57ff5"
        >
          user:payment.price_paid_with
        </div>
      </div>
    </div>
    <div
      class="_infoBox_c57ff5"
    >
      <p
        class="_transactionItem_c57ff5"
      >
        <strong>
          May 5, 2021
        </strong>
        <span>
          Monthly subscription (recurring)
        </span>
        <span>
          T996601696
        </span>
      </p>
      <div
        class="_transactionDetails_c57ff5"
      >
        <div
          class="_transationPrice_c57ff5"
        >
          user:payment.price_paid_with
        </div>
      </div>
    </div>
  </section>
</div>
`;
