// Vitest Snapshot v1, https://vitest.dev/guide/snapshot.html

exports[`<Dialog> > renders and matches snapshot 1`] = `
<body
  style="margin-right: 0px; overflow-y: hidden;"
>
  <div>
    <span>
      Some content
    </span>
    <span>
      Some other content
    </span>
  </div>
  <dialog
    class="_centered_6c6c55"
    open=""
  >
    <div
      style="transition: transform 0.3s ease, opacity 0.3s ease; transform: translate(0, -15px); opacity: 0; z-index: 15;"
    >
      <div
        class="_dialog_00d559 _small_00d559"
        data-testid="dialog"
      >
        Dialog contents
        <button
          aria-label="close_modal"
          class="_iconButton_0fef65 _modalCloseButton_b92d69"
          type="button"
        >
          <svg
            aria-hidden="true"
            class="_icon_585b29"
            viewBox="0 0 24 24"
            xmlns="http://www.w3.org/2000/svg"
          >
            <path
              d="M19 6.41L17.59 5 12 10.59 6.41 5 5 6.41 10.59 12 5 17.59 6.41 19 12 13.41 17.59 19 19 17.59 13.41 12z"
            />
            <path
              d="M0 0h24v24H0z"
              fill="none"
            />
          </svg>
        </button>
      </div>
    </div>
  </dialog>
</body>
`;
