// Vitest Snapshot v1, https://vitest.dev/guide/snapshot.html

exports[`<ResetPassword> > renders and matches snapshot 1`] = `
<div>
  <div
    aria-labelledby="reset_password"
    role="dialog"
  >
    <h1
      class="_title_1976d9"
      id="reset_password"
    >
      reset.reset_password
    </h1>
    <p
      class="_text_1976d9"
    >
      reset.text
    </p>
    <button
      aria-disabled="false"
      class="_button_f8f296 _button_1976d9 _primary_f8f296 _outlined_f8f296 _fullWidth_f8f296"
      type="submit"
    >
      <span>
        reset.yes
      </span>
    </button>
    <button
      class="_button_f8f296 _default_f8f296 _outlined_f8f296 _fullWidth_f8f296"
      type="button"
    >
      <span>
        reset.no
      </span>
    </button>
  </div>
</div>
`;
