// Vitest Snapshot v1, https://vitest.dev/guide/snapshot.html

exports[`<ForgotPasswordForm> > renders and matches snapshot type forgot 1`] = `
<div>
  <form
    data-testid="forgot-password-form"
    novalidate=""
  >
    <h2
      class="_title_27331a"
    >
      reset.forgot_password
    </h2>
    <p
      class="_text_27331a"
    >
      reset.forgot_text
    </p>
    <div
      class="_formField_86f2f5 _textField_e16c1b"
    >
      <label
        class="_label_86f2f5"
        for="text-field_1235_email"
      >
        reset.email
      </label>
      <div
        class="_container_859b20"
      >
        <input
          aria-describedby="helper_text_1235_email"
          aria-invalid="false"
          aria-required="true"
          class="_input_859b20"
          id="text-field_1235_email"
          name="email"
          placeholder="reset.email"
          required=""
          type="email"
          value=""
        />
      </div>
    </div>
    <button
      aria-disabled="false"
      class="_button_f8f296 _button_27331a _primary_f8f296 _outlined_f8f296 _fullWidth_f8f296"
      type="submit"
    >
      <span>
        reset.email_me
      </span>
    </button>
  </form>
</div>
`;
