// Vitest Snapshot v1, https://vitest.dev/guide/snapshot.html

exports[`<Cinema> > renders and matches snapshot 1`] = `
<div>
  <div
    class="_fade_555f3c"
    style="transition: opacity 0.25s ease-in-out; opacity: 0;"
  >
    <div
      class="_cinema_555f3c"
    >
      <div
        class="_loadingOverlay_eb61cb _inline_eb61cb"
      >
        <div
          class="_buffer_d122df"
        >
          <div />
          <div />
          <div />
          <div />
        </div>
      </div>
      <div
        style="transition: opacity 0.25s ease-in-out; opacity: 0;"
      >
        <div
          class="_playerOverlay_555f3c"
        >
          <div
            class="_playerContent_555f3c"
          >
            <div
              aria-label="common:back"
              class="_iconButton_0fef65 _backButton_555f3c"
              role="button"
              tabindex="0"
            >
              <svg
                class="_icon_585b29"
                height="48px"
                viewBox="0 0 48 48"
                width="48px"
                xmlns="http://www.w3.org/2000/svg"
              >
                <path
                  d="M24 5A19 19 0 1 0 24 43A19 19 0 1 0 24 5Z"
                  fill="#039be5"
                />
                <path
                  d="M26.572,29.036h4.917l0.772-4.995h-5.69v-2.73c0-2.075,0.678-3.915,2.619-3.915h3.119v-4.359c-0.548-0.074-1.707-0.236-3.897-0.236c-4.573,0-7.254,2.415-7.254,7.917v3.323h-4.701v4.995h4.701v13.729C22.089,42.905,23.032,43,24,43c0.875,0,1.729-0.08,2.572-0.194V29.036z"
                  fill="#fff"
                />
              </svg>
            </div>
            <div>
              <h1
                class="_title_555f3c"
              >
                Test item title
              </h1>
              <div
                class="_metaContainer_555f3c"
              >
                <div
                  class="_primaryMetadata_555f3c"
                >
                  Primary metadata
                </div>
              </div>
            </div>
          </div>
        </div>
      </div>
    </div>
  </div>
</div>
`;
