// Vitest Snapshot v1, https://vitest.dev/guide/snapshot.html

exports[`<Layout /> > renders layout 1`] = `
<div>
  <div
    class="_layout_c71437"
  >
    <div>
      <header
        class="_header_f4f7a7 _static_f4f7a7"
      >
        <div
          class="_container_f4f7a7"
        >
          <a
            class="_skipToContent_f4f7a7"
            href="#content"
          >
            skip_to_content
          </a>
          <div
            class="_menu_f4f7a7"
          >
            <button
              aria-controls="sidebar"
              aria-expanded="false"
              aria-haspopup="true"
              aria-label="open_menu"
              class="_iconButton_0fef65 _iconButton_f4f7a7"
            >
              <svg
                aria-hidden="true"
                class="_icon_585b29"
                viewBox="0 0 24 24"
                xmlns="http://www.w3.org/2000/svg"
              >
                <path
                  d="M0 0h24v24H0V0z"
                  fill="none"
                />
                <path
                  d="M3 18h18v-2H3v2zm0-5h18v-2H3v2zm0-7v2h18V6H3z"
                />
              </svg>
            </button>
          </div>
          <nav
            class="_nav_f4f7a7"
          >
            <ul>
              <li>
                <a
                  aria-current="page"
                  class="_button_f8f296 _default_f8f296 _text_f8f296 _active_f8f296 _navButton_f4f7a7"
                  href="/"
                >
                  <span>
                    home
                  </span>
                </a>
              </li>
            </ul>
          </nav>
          <div
            class="_actions_f4f7a7"
          />
        </div>
      </header>
      <main
        class="_main_c71437"
        id="content"
        tabindex="-1"
      />
    </div>
    <div
      class="_backdrop_577f70"
    />
    <div
      class="_sidebar_577f70"
      id="sidebar"
      inert=""
    >
      <div
        class="_heading_577f70"
      >
        <button
          aria-label="close_menu"
          class="_iconButton_0fef65"
        >
          <svg
            aria-hidden="true"
            class="_icon_585b29"
            viewBox="0 0 24 24"
            xmlns="http://www.w3.org/2000/svg"
          >
            <path
              d="M19 6.41L17.59 5 12 10.59 6.41 5 5 6.41 10.59 12 5 17.59 6.41 19 12 13.41 17.59 19 19 17.59 13.41 12z"
            />
            <path
              d="M0 0h24v24H0z"
              fill="none"
            />
          </svg>
        </button>
      </div>
      <nav
        class="_group_577f70"
      >
        <ul>
          <li>
            <a
              aria-current="page"
              class="_menuButton_91706b _active_91706b"
              href="/"
              tabindex="0"
            >
              <span>
                home
              </span>
            </a>
          </li>
        </ul>
      </nav>
    </div>
  </div>
</div>
`;
